// Jest Snapshot v1, https://goo.gl/fbAQLP

exports[`Clock component renders clock 1`] = `
<DocumentFragment>
  <div
    class="MuiContainer-root MuiContainer-maxWidthLg"
  >
    <p
      class="MuiTypography-root WithStyles(ForwardRef(Typography))-root-9 MuiTypography-body1"
    >
      07:49:13
    </p>
    <p
      class="MuiTypography-root WithStyles(ForwardRef(Typography))-root-40 MuiTypography-body1"
    >
      It is morning
    </p>
  </div>
</DocumentFragment>
`;
